******************************************************************************
                  TI ARM Linker PC v20.2.7                     
******************************************************************************
>> Linked Fri May  3 18:14:06 2024

OUTPUT FILE NAME:   <IO_STRUCT_v2.out>
ENTRY POINT SYMBOL: "_c_int00_noargs"  address: 000008b1


MEMORY CONFIGURATION

         name            origin    length      used     unused   attr    fill
----------------------  --------  ---------  --------  --------  ----  --------
  MAIN                  00000000   00040000  00000950  0003f6b0  R  X
  INFO                  00200000   00004000  00000000  00004000  R  X
  SRAM_CODE             01000000   00010000  00000204  0000fdfc  RW X
  SRAM_DATA             20000000   00010000  00000204  0000fdfc  RW  


SEGMENT ALLOCATION MAP

run origin  load origin   length   init length attrs members
----------  ----------- ---------- ----------- ----- -------
00000000    00000000    00000950   00000950    r-x
  00000000    00000000    000000e4   000000e4    r-- .intvecs
  000000e4    000000e4    00000824   00000824    r-x .text
  00000908    00000908    00000030   00000030    r-- .const
  00000938    00000938    00000018   00000018    r-- .cinit
20000000    20000000    00000004   00000000    rw-
  20000000    20000000    00000004   00000000    rw- .data
2000fe00    2000fe00    00000200   00000000    rw-
  2000fe00    2000fe00    00000200   00000000    rw- .stack


SECTION ALLOCATION MAP

 output                                  attributes/
section   page    origin      length       input sections
--------  ----  ----------  ----------   ----------------
.intvecs   0    00000000    000000e4     
                  00000000    000000e4     startup_msp432p401r_ccs.obj (.intvecs:retain)

.text      0    000000e4    00000824     
                  000000e4    00000334     system_msp432p401r.obj (.text)
                  00000418    00000248     gpio_2021.obj (.text)
                  00000660    00000108     main.obj (.text)
                  00000768    0000009c     rtsv7M4_T_le_v4SPD16_eabi.lib : memcpy_t2.asm.obj (.text)
                  00000804    00000068                                   : copy_decompress_lzss.c.obj (.text:decompress:lzss:__TI_decompress_lzss)
                  0000086c    00000044                                   : autoinit.c.obj (.text:__TI_auto_init_nobinit_nopinit:__TI_auto_init_nobinit_nopinit)
                  000008b0    00000034                                   : boot_cortex_m.c.obj (.text:_c_int00_noargs:_c_int00_noargs)
                  000008e4    0000000e                                   : copy_decompress_none.c.obj (.text:decompress:none:__TI_decompress_none)
                  000008f2    0000000e     startup_msp432p401r_ccs.obj (.text)
                  00000900    00000004     rtsv7M4_T_le_v4SPD16_eabi.lib : pre_init.c.obj (.text:_system_pre_init)
                  00000904    00000004                                   : exit.c.obj (.text:abort:abort)

.const     0    00000908    00000030     
                  00000908    00000030     gpio_2021.obj (.const:GPIO_PORT_TO_BASE)

.cinit     0    00000938    00000018     
                  00000938    00000008     (.cinit..data.load) [load image, compression = lzss]
                  00000940    00000008     (__TI_handler_table)
                  00000948    00000008     (__TI_cinit_table)

.init_array 
*          0    00000000    00000000     UNINITIALIZED

.binit     0    00000000    00000000     

.data      0    20000000    00000004     UNINITIALIZED
                  20000000    00000004     system_msp432p401r.obj (.data)

.stack     0    2000fe00    00000200     UNINITIALIZED
                  2000fe00    00000004     rtsv7M4_T_le_v4SPD16_eabi.lib : boot_cortex_m.c.obj (.stack)
                  2000fe04    000001fc     --HOLE--

__llvm_prf_cnts 
*          0    20000000    00000000     UNINITIALIZED

MODULE SUMMARY

       Module                        code   ro data   rw data
       ------                        ----   -------   -------
    .\
       system_msp432p401r.obj        820    0         8      
       main.obj                      264    0         0      
       startup_msp432p401r_ccs.obj   14     228       0      
    +--+-----------------------------+------+---------+---------+
       Total:                        1098   228       8      
                                                             
    .\DRIVERS\
       gpio_2021.obj                 584    48        0      
    +--+-----------------------------+------+---------+---------+
       Total:                        584    48        0      
                                                             
    C:\ti\ccs1260\ccs\tools\compiler\ti-cgt-arm_20.2.7.LTS\lib\rtsv7M4_T_le_v4SPD16_eabi.lib
       memcpy_t2.asm.obj             156    0         0      
       copy_decompress_lzss.c.obj    104    0         0      
       autoinit.c.obj                68     0         0      
       boot_cortex_m.c.obj           52     0         0      
       copy_decompress_none.c.obj    14     0         0      
       exit.c.obj                    4      0         0      
       pre_init.c.obj                4      0         0      
    +--+-----------------------------+------+---------+---------+
       Total:                        402    0         0      
                                                             
       Stack:                        0      0         1024   
       Linker Generated:             0      24        0      
    +--+-----------------------------+------+---------+---------+
       Grand Total:                  2084   300       1032   


LINKER GENERATED COPY TABLES

__TI_cinit_table @ 00000948 records: 1, size/record: 8, table size: 8
	.data: load addr=00000938, load size=00000008 bytes, run addr=20000000, run size=00000004 bytes, compression=lzss


LINKER GENERATED HANDLER TABLE

__TI_handler_table @ 00000940 records: 2, size/record: 4, table size: 8
	index: 0, handler: __TI_decompress_lzss
	index: 1, handler: __TI_decompress_none


GLOBAL SYMBOLS: SORTED ALPHABETICALLY BY Name 

address   name                          
-------   ----                          
000008ff  ADC14_IRQHandler              
000008ff  AES256_IRQHandler             
000008ff  BusFault_Handler              
00000905  C$$EXIT                       
000008ff  COMP_E0_IRQHandler            
000008ff  COMP_E1_IRQHandler            
000008ff  CS_IRQHandler                 
000008ff  DMA_ERR_IRQHandler            
000008ff  DMA_INT0_IRQHandler           
000008ff  DMA_INT1_IRQHandler           
000008ff  DMA_INT2_IRQHandler           
000008ff  DMA_INT3_IRQHandler           
000008ff  DebugMon_Handler              
000008ff  Default_Handler               
000008ff  EUSCIA0_IRQHandler            
000008ff  EUSCIA1_IRQHandler            
000008ff  EUSCIA2_IRQHandler            
000008ff  EUSCIA3_IRQHandler            
000008ff  EUSCIB0_IRQHandler            
000008ff  EUSCIB1_IRQHandler            
000008ff  EUSCIB2_IRQHandler            
000008ff  EUSCIB3_IRQHandler            
000008ff  FLCTL_IRQHandler              
000008ff  FPU_IRQHandler                
000005cd  GPIO_getPinValor              
0000058d  GPIO_setPinAlto               
0000054d  GPIO_setPinBajo               
000004bd  GPIO_setPinEntradaconPullUp   
00000455  GPIO_setPinSalida             
00000419  Gpio_Pin_in                   
00000437  Gpio_Pin_in_2                 
00000617  Gpio_init2021                 
000008ff  HardFault_Handler             
000008ff  MemManage_Handler             
000008ff  NMI_Handler                   
000008ff  PCM_IRQHandler                
000008ff  PORT1_IRQHandler              
000008ff  PORT2_IRQHandler              
000008ff  PORT3_IRQHandler              
000008ff  PORT4_IRQHandler              
000008ff  PORT5_IRQHandler              
000008ff  PORT6_IRQHandler              
000008ff  PSS_IRQHandler                
000008ff  PendSV_Handler                
000008ff  RTC_C_IRQHandler              
000008f3  Reset_Handler                 
000008ff  SVC_Handler                   
000008ff  SysTick_Handler               
20000000  SystemCoreClock               
000000e5  SystemCoreClockUpdate         
0000035d  SystemInit                    
000008ff  T32_INT1_IRQHandler           
000008ff  T32_INT2_IRQHandler           
000008ff  T32_INTC_IRQHandler           
000008ff  TA0_0_IRQHandler              
000008ff  TA0_N_IRQHandler              
000008ff  TA1_0_IRQHandler              
000008ff  TA1_N_IRQHandler              
000008ff  TA2_0_IRQHandler              
000008ff  TA2_N_IRQHandler              
000008ff  TA3_0_IRQHandler              
000008ff  TA3_N_IRQHandler              
000008ff  UsageFault_Handler            
4000480c  WDTCTL_SYM                    
000008ff  WDT_A_IRQHandler              
20010000  __STACK_END                   
00000200  __STACK_SIZE                  
00000948  __TI_CINIT_Base               
00000950  __TI_CINIT_Limit              
00000940  __TI_Handler_Table_Base       
00000948  __TI_Handler_Table_Limit      
0000086d  __TI_auto_init_nobinit_nopinit
00000805  __TI_decompress_lzss          
000008e5  __TI_decompress_none          
ffffffff  __TI_pprof_out_hndl           
ffffffff  __TI_prof_data_size           
ffffffff  __TI_prof_data_start          
00000000  __TI_static_base__            
00000769  __aeabi_memcpy                
00000769  __aeabi_memcpy4               
00000769  __aeabi_memcpy8               
ffffffff  __binit__                     
ffffffff  __c_args__                    
UNDEFED   __mpu_init                    
2000fe00  __stack                       
20000000  __start___llvm_prf_cnts       
20000000  __stop___llvm_prf_cnts        
000008b1  _c_int00_noargs               
UNDEFED   _system_post_cinit            
00000901  _system_pre_init              
00000905  abort                         
ffffffff  binit                         
00000000  interruptVectors              
00000661  main                          
00000769  memcpy                        


GLOBAL SYMBOLS: SORTED BY Symbol Address 

address   name                          
-------   ----                          
00000000  __TI_static_base__            
00000000  interruptVectors              
000000e5  SystemCoreClockUpdate         
00000200  __STACK_SIZE                  
0000035d  SystemInit                    
00000419  Gpio_Pin_in                   
00000437  Gpio_Pin_in_2                 
00000455  GPIO_setPinSalida             
000004bd  GPIO_setPinEntradaconPullUp   
0000054d  GPIO_setPinBajo               
0000058d  GPIO_setPinAlto               
000005cd  GPIO_getPinValor              
00000617  Gpio_init2021                 
00000661  main                          
00000769  __aeabi_memcpy                
00000769  __aeabi_memcpy4               
00000769  __aeabi_memcpy8               
00000769  memcpy                        
00000805  __TI_decompress_lzss          
0000086d  __TI_auto_init_nobinit_nopinit
000008b1  _c_int00_noargs               
000008e5  __TI_decompress_none          
000008f3  Reset_Handler                 
000008ff  ADC14_IRQHandler              
000008ff  AES256_IRQHandler             
000008ff  BusFault_Handler              
000008ff  COMP_E0_IRQHandler            
000008ff  COMP_E1_IRQHandler            
000008ff  CS_IRQHandler                 
000008ff  DMA_ERR_IRQHandler            
000008ff  DMA_INT0_IRQHandler           
000008ff  DMA_INT1_IRQHandler           
000008ff  DMA_INT2_IRQHandler           
000008ff  DMA_INT3_IRQHandler           
000008ff  DebugMon_Handler              
000008ff  Default_Handler               
000008ff  EUSCIA0_IRQHandler            
000008ff  EUSCIA1_IRQHandler            
000008ff  EUSCIA2_IRQHandler            
000008ff  EUSCIA3_IRQHandler            
000008ff  EUSCIB0_IRQHandler            
000008ff  EUSCIB1_IRQHandler            
000008ff  EUSCIB2_IRQHandler            
000008ff  EUSCIB3_IRQHandler            
000008ff  FLCTL_IRQHandler              
000008ff  FPU_IRQHandler                
000008ff  HardFault_Handler             
000008ff  MemManage_Handler             
000008ff  NMI_Handler                   
000008ff  PCM_IRQHandler                
000008ff  PORT1_IRQHandler              
000008ff  PORT2_IRQHandler              
000008ff  PORT3_IRQHandler              
000008ff  PORT4_IRQHandler              
000008ff  PORT5_IRQHandler              
000008ff  PORT6_IRQHandler              
000008ff  PSS_IRQHandler                
000008ff  PendSV_Handler                
000008ff  RTC_C_IRQHandler              
000008ff  SVC_Handler                   
000008ff  SysTick_Handler               
000008ff  T32_INT1_IRQHandler           
000008ff  T32_INT2_IRQHandler           
000008ff  T32_INTC_IRQHandler           
000008ff  TA0_0_IRQHandler              
000008ff  TA0_N_IRQHandler              
000008ff  TA1_0_IRQHandler              
000008ff  TA1_N_IRQHandler              
000008ff  TA2_0_IRQHandler              
000008ff  TA2_N_IRQHandler              
000008ff  TA3_0_IRQHandler              
000008ff  TA3_N_IRQHandler              
000008ff  UsageFault_Handler            
000008ff  WDT_A_IRQHandler              
00000901  _system_pre_init              
00000905  C$$EXIT                       
00000905  abort                         
00000940  __TI_Handler_Table_Base       
00000948  __TI_CINIT_Base               
00000948  __TI_Handler_Table_Limit      
00000950  __TI_CINIT_Limit              
20000000  SystemCoreClock               
20000000  __start___llvm_prf_cnts       
20000000  __stop___llvm_prf_cnts        
2000fe00  __stack                       
20010000  __STACK_END                   
4000480c  WDTCTL_SYM                    
ffffffff  __TI_pprof_out_hndl           
ffffffff  __TI_prof_data_size           
ffffffff  __TI_prof_data_start          
ffffffff  __binit__                     
ffffffff  __c_args__                    
ffffffff  binit                         
UNDEFED   __mpu_init                    
UNDEFED   _system_post_cinit            

[95 symbols]
